
> star-citizen-dashboard-frontend@1.0.0 build
> vite build

[36mvite v6.4.1 [32mbuilding for production...[36m[39m
transforming...
[32mΓ£ô[39m 15380 modules transformed.
Γ£ù Build failed in 11.65s
error during build:
src/services/organizationShipService.ts (1:7): "default" is not exported by "src/services/apiClient.ts", imported by "src/services/organizationShipService.ts".
file: C:/Users/Fintz/OneDrive/Documents/GitHub/sc-fleet-manager/frontend/src/services/organizationShipService.ts:1:7

1: import api from './apiClient';
          ^
2: 
3: /**

    at getRollupError (file:///C:/Users/Fintz/OneDrive/Documents/GitHub/sc-fleet-manager/node_modules/rollup/dist/es/shared/parseAst.js:401:41)
    at error (file:///C:/Users/Fintz/OneDrive/Documents/GitHub/sc-fleet-manager/node_modules/rollup/dist/es/shared/parseAst.js:397:42)
    at Module.error (file:///C:/Users/Fintz/OneDrive/Documents/GitHub/sc-fleet-manager/node_modules/rollup/dist/es/shared/node-entry.js:17022:16)
    at Module.traceVariable (file:///C:/Users/Fintz/OneDrive/Documents/GitHub/sc-fleet-manager/node_modules/rollup/dist/es/shared/node-entry.js:17478:29)
    at ModuleScope.findVariable (file:///C:/Users/Fintz/OneDrive/Documents/GitHub/sc-fleet-manager/node_modules/rollup/dist/es/shared/node-entry.js:15141:39)
    at ChildScope.findVariable (file:///C:/Users/Fintz/OneDrive/Documents/GitHub/sc-fleet-manager/node_modules/rollup/dist/es/shared/node-entry.js:5688:38)
    at FunctionScope.findVariable (file:///C:/Users/Fintz/OneDrive/Documents/GitHub/sc-fleet-manager/node_modules/rollup/dist/es/shared/node-entry.js:5688:38)
    at FunctionBodyScope.findVariable (file:///C:/Users/Fintz/OneDrive/Documents/GitHub/sc-fleet-manager/node_modules/rollup/dist/es/shared/node-entry.js:5688:38)
    at MemberExpression.bind (file:///C:/Users/Fintz/OneDrive/Documents/GitHub/sc-fleet-manager/node_modules/rollup/dist/es/shared/node-entry.js:7406:49)
    at CallExpression.bind (file:///C:/Users/Fintz/OneDrive/Documents/GitHub/sc-fleet-manager/node_modules/rollup/dist/es/shared/node-entry.js:2829:23)
npm error Lifecycle script `build` failed with error:
npm error code 1
npm error path C:\Users\Fintz\OneDrive\Documents\GitHub\sc-fleet-manager\frontend
npm error workspace star-citizen-dashboard-frontend@1.0.0
npm error location C:\Users\Fintz\OneDrive\Documents\GitHub\sc-fleet-manager\frontend
npm error command failed
npm error command C:\WINDOWS\system32\cmd.exe /d /s /c vite build
